// Jest Snapshot v1, https://goo.gl/fbAQLP

exports[`should render the component 1`] = `
<DocumentFragment>
  <div
    class="page"
  >
    <div>
      <div
        class="header"
      >
        <div
          class="logo"
        >
          <h1>
            Test Title
          </h1>
          <h3
            style="margin-left: auto; margin-right: 1rem;"
          >
            <a
              href="/test"
            >
              Go to Test page âžœ 
            </a>
          </h3>
        </div>
      </div>
      <div
        class="container"
      />
    </div>
  </div>
</DocumentFragment>
`;
